// Jest Snapshot v1, https://goo.gl/fbAQLP

exports[`ProductImage must show component with custom image 1`] = `
<img
  alt="Product"
  className="productImg undefined"
  src="./coffee-mug.png"
/>
`;
